SQL> select last_name from employees where salary>(select max(salary) from employees where job_id='IT_PROG';
select last_name from employees where salary>(select max(salary) from employees where job_id='IT_PROG'
                                              *
ERROR at line 1:
ORA-00921: unexpected end of SQL command 


SQL> select last_name from employees where salary>(select max(salary) from employees where job_id='IT_PROG');

LAST_NAME                                                                       
-------------------------                                                       
King                                                                            
Kochhar                                                                         
De Haan                                                                         
Greenberg                                                                       
Raphaely                                                                        
Russell                                                                         
Partners                                                                        
Errazuriz                                                                       
Cambrault                                                                       
Zlotkey                                                                         
Tucker                                                                          

LAST_NAME                                                                       
-------------------------                                                       
Bernstein                                                                       
King                                                                            
Sully                                                                           
Vishney                                                                         
Greene                                                                          
Ozer                                                                            
Bloom                                                                           
Fox                                                                             
Abel                                                                            
Hartstein                                                                       
Baer                                                                            

LAST_NAME                                                                       
-------------------------                                                       
Higgins                                                                         

23 rows selected.

SQL> SELECT LAST_NAME FROM EMPLOYEES WHERE SALARY>ALL(SELECT SALARY FROM EMPLOYEES WHERE JOB_ID='IT_PROG');

LAST_NAME                                                                       
-------------------------                                                       
Sully                                                                           
Greene                                                                          
Bernstein                                                                       
Fox                                                                             
Baer                                                                            
Bloom                                                                           
King                                                                            
Tucker                                                                          
Vishney                                                                         
Zlotkey                                                                         
Cambrault                                                                       

LAST_NAME                                                                       
-------------------------                                                       
Raphaely                                                                        
Abel                                                                            
Ozer                                                                            
Errazuriz                                                                       
Higgins                                                                         
Greenberg                                                                       
Hartstein                                                                       
Partners                                                                        
Russell                                                                         
De Haan                                                                         
Kochhar                                                                         

LAST_NAME                                                                       
-------------------------                                                       
King                                                                            

23 rows selected.

SQL> SELECT EMPLOYEE_ID,LAST_NAME FROM EMPLOYEES WHERE EMPLOYEE_ID IN(SELECT MANAGER ID FROM EMPLOYEES);
SELECT EMPLOYEE_ID,LAST_NAME FROM EMPLOYEES WHERE EMPLOYEE_ID IN(SELECT MANAGER ID FROM EMPLOYEES)
                                                                        *
ERROR at line 1:
ORA-00904: "MANAGER": invalid identifier 


SQL> SELECT EMPLOYEE_ID,LAST_NAME FROM EMPLOYEES WHERE EMPLOYEE_ID IN(SELECT MANAGER_ID FROM EMPLOYEES);

EMPLOYEE_ID LAST_NAME                                                           
----------- -------------------------                                           
        148 Cambrault                                                           
        102 De Haan                                                             
        147 Errazuriz                                                           
        121 Fripp                                                               
        108 Greenberg                                                           
        201 Hartstein                                                           
        205 Higgins                                                             
        103 Hunold                                                              
        122 Kaufling                                                            
        100 King                                                                
        101 Kochhar                                                             

EMPLOYEE_ID LAST_NAME                                                           
----------- -------------------------                                           
        124 Mourgos                                                             
        146 Partners                                                            
        114 Raphaely                                                            
        145 Russell                                                             
        123 Vollman                                                             
        120 Weiss                                                               
        149 Zlotkey                                                             

18 rows selected.

SQL> SELECT EMPLOYEE_ID,LAST_NAME FROM EMPLOYEES WHERE EMPLOYEE_ID <>ANY(SELECT MANAGER_ID FROM EMPLOYEES);

EMPLOYEE_ID LAST_NAME                                                           
----------- -------------------------                                           
        174 Abel                                                                
        166 Ande                                                                
        130 Atkinson                                                            
        105 Austin                                                              
        204 Baer                                                                
        116 Baida                                                               
        167 Banda                                                               
        172 Bates                                                               
        192 Bell                                                                
        151 Bernstein                                                           
        129 Bissot                                                              

EMPLOYEE_ID LAST_NAME                                                           
----------- -------------------------                                           
        169 Bloom                                                               
        185 Bull                                                                
        187 Cabrio                                                              
        148 Cambrault                                                           
        154 Cambrault                                                           
        110 Chen                                                                
        188 Chung                                                               
        119 Colmenares                                                          
        142 Davies                                                              
        102 De Haan                                                             
        186 Dellinger                                                           

EMPLOYEE_ID LAST_NAME                                                           
----------- -------------------------                                           
        189 Dilly                                                               
        160 Doran                                                               
        104 Ernst                                                               
        147 Errazuriz                                                           
        193 Everett                                                             
        109 Faviet                                                              
        202 Fay                                                                 
        197 Feeney                                                              
        181 Fleaur                                                              
        170 Fox                                                                 
        121 Fripp                                                               

EMPLOYEE_ID LAST_NAME                                                           
----------- -------------------------                                           
        190 Gates                                                               
        135 Gee                                                                 
        183 Geoni                                                               
        206 Gietz                                                               
        199 Grant                                                               
        178 Grant                                                               
        108 Greenberg                                                           
        163 Greene                                                              
        152 Hall                                                                
        201 Hartstein                                                           
        205 Higgins                                                             

EMPLOYEE_ID LAST_NAME                                                           
----------- -------------------------                                           
        118 Himuro                                                              
        103 Hunold                                                              
        175 Hutton                                                              
        179 Johnson                                                             
        195 Jones                                                               
        122 Kaufling                                                            
        115 Khoo                                                                
        156 King                                                                
        100 King                                                                
        101 Kochhar                                                             
        173 Kumar                                                               

EMPLOYEE_ID LAST_NAME                                                           
----------- -------------------------                                           
        137 Ladwig                                                              
        127 Landry                                                              
        165 Lee                                                                 
        177 Livingston                                                          
        107 Lorentz                                                             
        133 Mallin                                                              
        128 Markle                                                              
        131 Marlow                                                              
        164 Marvins                                                             
        143 Matos                                                               
        203 Mavris                                                              

EMPLOYEE_ID LAST_NAME                                                           
----------- -------------------------                                           
        194 McCain                                                              
        158 McEwen                                                              
        126 Mikkilineni                                                         
        124 Mourgos                                                             
        125 Nayer                                                               
        198 OConnell                                                            
        153 Olsen                                                               
        132 Olson                                                               
        168 Ozer                                                                
        146 Partners                                                            
        106 Pataballa                                                           

EMPLOYEE_ID LAST_NAME                                                           
----------- -------------------------                                           
        140 Patel                                                               
        191 Perkins                                                             
        136 Philtanker                                                          
        113 Popp                                                                
        141 Rajs                                                                
        114 Raphaely                                                            
        134 Rogers                                                              
        145 Russell                                                             
        184 Sarchand                                                            
        111 Sciarra                                                             
        139 Seo                                                                 

EMPLOYEE_ID LAST_NAME                                                           
----------- -------------------------                                           
        161 Sewall                                                              
        159 Smith                                                               
        171 Smith                                                               
        138 Stiles                                                              
        182 Sullivan                                                            
        157 Sully                                                               
        176 Taylor                                                              
        180 Taylor                                                              
        117 Tobias                                                              
        150 Tucker                                                              
        155 Tuvault                                                             

EMPLOYEE_ID LAST_NAME                                                           
----------- -------------------------                                           
        112 Urman                                                               
        144 Vargas                                                              
        162 Vishney                                                             
        123 Vollman                                                             
        196 Walsh                                                               
        120 Weiss                                                               
        200 Whalen                                                              
        149 Zlotkey                                                             

107 rows selected.

SQL> SELECT EMPLOYEE_ID,LAST_NAME FROM EMPLOYEES WHERE EMPLOYEE_ID <>IN(SELECT MANAGER_ID FROM EMPLOYEES);
SELECT EMPLOYEE_ID,LAST_NAME FROM EMPLOYEES WHERE EMPLOYEE_ID <>IN(SELECT MANAGER_ID FROM EMPLOYEES)
                                                                *
ERROR at line 1:
ORA-00936: missing expression 


SQL> 
SQL> SELECT EMPLOYEE_ID,LAST_NAME FROM EMPLOYEES WHERE EMPLOYEE_ID <>IN (SELECT MANAGER_ID FROM EMPLOYEES);
SELECT EMPLOYEE_ID,LAST_NAME FROM EMPLOYEES WHERE EMPLOYEE_ID <>IN (SELECT MANAGER_ID FROM EMPLOYEES)
                                                                *
ERROR at line 1:
ORA-00936: missing expression 


SQL> SELECT EMPLOYEE_ID,LAST_NAME FROM EMPLOYEES WHERE EMPLOYEE_ID <> IN (SELECT MANAGER_ID FROM EMPLOYEES);
SELECT EMPLOYEE_ID,LAST_NAME FROM EMPLOYEES WHERE EMPLOYEE_ID <> IN (SELECT MANAGER_ID FROM EMPLOYEES)
                                                                 *
ERROR at line 1:
ORA-00936: missing expression 


SQL> SELECT EMPLOYEE_ID,LAST_NAME FROM EMPLOYEES WHERE EMPLOYEE_ID <> ANY (SELECT MANAGER_ID FROM EMPLOYEES);

EMPLOYEE_ID LAST_NAME                                                           
----------- -------------------------                                           
        174 Abel                                                                
        166 Ande                                                                
        130 Atkinson                                                            
        105 Austin                                                              
        204 Baer                                                                
        116 Baida                                                               
        167 Banda                                                               
        172 Bates                                                               
        192 Bell                                                                
        151 Bernstein                                                           
        129 Bissot                                                              

EMPLOYEE_ID LAST_NAME                                                           
----------- -------------------------                                           
        169 Bloom                                                               
        185 Bull                                                                
        187 Cabrio                                                              
        148 Cambrault                                                           
        154 Cambrault                                                           
        110 Chen                                                                
        188 Chung                                                               
        119 Colmenares                                                          
        142 Davies                                                              
        102 De Haan                                                             
        186 Dellinger                                                           

EMPLOYEE_ID LAST_NAME                                                           
----------- -------------------------                                           
        189 Dilly                                                               
        160 Doran                                                               
        104 Ernst                                                               
        147 Errazuriz                                                           
        193 Everett                                                             
        109 Faviet                                                              
        202 Fay                                                                 
        197 Feeney                                                              
        181 Fleaur                                                              
        170 Fox                                                                 
        121 Fripp                                                               

EMPLOYEE_ID LAST_NAME                                                           
----------- -------------------------                                           
        190 Gates                                                               
        135 Gee                                                                 
        183 Geoni                                                               
        206 Gietz                                                               
        199 Grant                                                               
        178 Grant                                                               
        108 Greenberg                                                           
        163 Greene                                                              
        152 Hall                                                                
        201 Hartstein                                                           
        205 Higgins                                                             

EMPLOYEE_ID LAST_NAME                                                           
----------- -------------------------                                           
        118 Himuro                                                              
        103 Hunold                                                              
        175 Hutton                                                              
        179 Johnson                                                             
        195 Jones                                                               
        122 Kaufling                                                            
        115 Khoo                                                                
        156 King                                                                
        100 King                                                                
        101 Kochhar                                                             
        173 Kumar                                                               

EMPLOYEE_ID LAST_NAME                                                           
----------- -------------------------                                           
        137 Ladwig                                                              
        127 Landry                                                              
        165 Lee                                                                 
        177 Livingston                                                          
        107 Lorentz                                                             
        133 Mallin                                                              
        128 Markle                                                              
        131 Marlow                                                              
        164 Marvins                                                             
        143 Matos                                                               
        203 Mavris                                                              

EMPLOYEE_ID LAST_NAME                                                           
----------- -------------------------                                           
        194 McCain                                                              
        158 McEwen                                                              
        126 Mikkilineni                                                         
        124 Mourgos                                                             
        125 Nayer                                                               
        198 OConnell                                                            
        153 Olsen                                                               
        132 Olson                                                               
        168 Ozer                                                                
        146 Partners                                                            
        106 Pataballa                                                           

EMPLOYEE_ID LAST_NAME                                                           
----------- -------------------------                                           
        140 Patel                                                               
        191 Perkins                                                             
        136 Philtanker                                                          
        113 Popp                                                                
        141 Rajs                                                                
        114 Raphaely                                                            
        134 Rogers                                                              
        145 Russell                                                             
        184 Sarchand                                                            
        111 Sciarra                                                             
        139 Seo                                                                 

EMPLOYEE_ID LAST_NAME                                                           
----------- -------------------------                                           
        161 Sewall                                                              
        159 Smith                                                               
        171 Smith                                                               
        138 Stiles                                                              
        182 Sullivan                                                            
        157 Sully                                                               
        176 Taylor                                                              
        180 Taylor                                                              
        117 Tobias                                                              
        150 Tucker                                                              
        155 Tuvault                                                             

EMPLOYEE_ID LAST_NAME                                                           
----------- -------------------------                                           
        112 Urman                                                               
        144 Vargas                                                              
        162 Vishney                                                             
        123 Vollman                                                             
        196 Walsh                                                               
        120 Weiss                                                               
        200 Whalen                                                              
        149 Zlotkey                                                             

107 rows selected.

SQL> SELECT EMPLOYEE_ID,LAST_NAME FROM EMPLOYEES WHERE EMPLOYEE_ID IN(SELECT MANAGER_ID FROM EMPLOYEES);

EMPLOYEE_ID LAST_NAME                                                           
----------- -------------------------                                           
        148 Cambrault                                                           
        102 De Haan                                                             
        147 Errazuriz                                                           
        121 Fripp                                                               
        108 Greenberg                                                           
        201 Hartstein                                                           
        205 Higgins                                                             
        103 Hunold                                                              
        122 Kaufling                                                            
        100 King                                                                
        101 Kochhar                                                             

EMPLOYEE_ID LAST_NAME                                                           
----------- -------------------------                                           
        124 Mourgos                                                             
        146 Partners                                                            
        114 Raphaely                                                            
        145 Russell                                                             
        123 Vollman                                                             
        120 Weiss                                                               
        149 Zlotkey                                                             

18 rows selected.

SQL> SELECT EMPLOYEE_ID,LAST_NAME FROM EMPLOYEES WHERE EMPLOYEE_ID NOT ANY(SELECT MANAGER_ID FROM EMPLOYEES);
SELECT EMPLOYEE_ID,LAST_NAME FROM EMPLOYEES WHERE EMPLOYEE_ID NOT ANY(SELECT MANAGER_ID FROM EMPLOYEES)
                                                                  *
ERROR at line 1:
ORA-00920: invalid relational operator 


SQL> SELECT EMPLOYEE_ID,LAST_NAME FROM EMPLOYEES WHERE EMPLOYEE_ID NOT IN(SELECT MANAGER_ID FROM EMPLOYEES);

no rows selected

SQL> SELECT EMPLOYEE_ID,LAST_NAME FROM EMPLOYEES WHERE EMPLOYEE_ID NOT ALL(SELECT MANAGER_ID FROM EMPLOYEES);
SELECT EMPLOYEE_ID,LAST_NAME FROM EMPLOYEES WHERE EMPLOYEE_ID NOT ALL(SELECT MANAGER_ID FROM EMPLOYEES)
                                                                  *
ERROR at line 1:
ORA-00920: invalid relational operator 


SQL> SELECT EMPLOYEE_ID,LAST_NAME FROM EMPLOYEES WHERE EMPLOYEE_ID  <>ALL(SELECT MANAGER_ID FROM EMPLOYEES);

no rows selected

SQL> SELECT EMPLOYEE_ID,LAST_NAME FROM EMPLOYEES WHERE EMPLOYEE_ID NOT IN(SELECT MANAGER_ID FROM EMPLOYEES WHERE MANAGER_ID IS NOT NULL);

EMPLOYEE_ID LAST_NAME                                                           
----------- -------------------------                                           
        174 Abel                                                                
        166 Ande                                                                
        130 Atkinson                                                            
        105 Austin                                                              
        204 Baer                                                                
        116 Baida                                                               
        167 Banda                                                               
        172 Bates                                                               
        192 Bell                                                                
        151 Bernstein                                                           
        129 Bissot                                                              

EMPLOYEE_ID LAST_NAME                                                           
----------- -------------------------                                           
        169 Bloom                                                               
        185 Bull                                                                
        187 Cabrio                                                              
        154 Cambrault                                                           
        110 Chen                                                                
        188 Chung                                                               
        119 Colmenares                                                          
        142 Davies                                                              
        186 Dellinger                                                           
        189 Dilly                                                               
        160 Doran                                                               

EMPLOYEE_ID LAST_NAME                                                           
----------- -------------------------                                           
        104 Ernst                                                               
        193 Everett                                                             
        109 Faviet                                                              
        202 Fay                                                                 
        197 Feeney                                                              
        181 Fleaur                                                              
        170 Fox                                                                 
        190 Gates                                                               
        135 Gee                                                                 
        183 Geoni                                                               
        206 Gietz                                                               

EMPLOYEE_ID LAST_NAME                                                           
----------- -------------------------                                           
        199 Grant                                                               
        178 Grant                                                               
        163 Greene                                                              
        152 Hall                                                                
        118 Himuro                                                              
        175 Hutton                                                              
        179 Johnson                                                             
        195 Jones                                                               
        115 Khoo                                                                
        156 King                                                                
        173 Kumar                                                               

EMPLOYEE_ID LAST_NAME                                                           
----------- -------------------------                                           
        137 Ladwig                                                              
        127 Landry                                                              
        165 Lee                                                                 
        177 Livingston                                                          
        107 Lorentz                                                             
        133 Mallin                                                              
        128 Markle                                                              
        131 Marlow                                                              
        164 Marvins                                                             
        143 Matos                                                               
        203 Mavris                                                              

EMPLOYEE_ID LAST_NAME                                                           
----------- -------------------------                                           
        194 McCain                                                              
        158 McEwen                                                              
        126 Mikkilineni                                                         
        125 Nayer                                                               
        198 OConnell                                                            
        153 Olsen                                                               
        132 Olson                                                               
        168 Ozer                                                                
        106 Pataballa                                                           
        140 Patel                                                               
        191 Perkins                                                             

EMPLOYEE_ID LAST_NAME                                                           
----------- -------------------------                                           
        136 Philtanker                                                          
        113 Popp                                                                
        141 Rajs                                                                
        134 Rogers                                                              
        184 Sarchand                                                            
        111 Sciarra                                                             
        139 Seo                                                                 
        161 Sewall                                                              
        159 Smith                                                               
        171 Smith                                                               
        138 Stiles                                                              

EMPLOYEE_ID LAST_NAME                                                           
----------- -------------------------                                           
        182 Sullivan                                                            
        157 Sully                                                               
        176 Taylor                                                              
        180 Taylor                                                              
        117 Tobias                                                              
        150 Tucker                                                              
        155 Tuvault                                                             
        112 Urman                                                               
        144 Vargas                                                              
        162 Vishney                                                             
        196 Walsh                                                               

EMPLOYEE_ID LAST_NAME                                                           
----------- -------------------------                                           
        200 Whalen                                                              

89 rows selected.

SQL> SELECT EMPLOYEE_ID,LAST_NAME FROM EMPLOYEES WHERE EMPLOYEE_ID (SELECT EMPLOYEE_ID FROM EMPLOYEES MINUS SELECT EMPLOYEE_ID FROM JOB_HISTORY)
  2  ;
SELECT EMPLOYEE_ID,LAST_NAME FROM EMPLOYEES WHERE EMPLOYEE_ID (SELECT EMPLOYEE_ID FROM EMPLOYEES MINUS SELECT EMPLOYEE_ID FROM JOB_HISTORY)
                                                               *
ERROR at line 1:
ORA-00936: missing expression 


SQL> SELECT EMPLOYEE_ID,LAST_NAME FROM EMPLOYEES WHERE EMPLOYEE_ID IN(SELECT EMPLOYEE_ID FROM EMPLOYEES MINUS SELECT EMPLOYEE_ID FROM JOB_HISTORY);

EMPLOYEE_ID LAST_NAME                                                           
----------- -------------------------                                           
        174 Abel                                                                
        166 Ande                                                                
        130 Atkinson                                                            
        105 Austin                                                              
        204 Baer                                                                
        116 Baida                                                               
        167 Banda                                                               
        172 Bates                                                               
        192 Bell                                                                
        151 Bernstein                                                           
        129 Bissot                                                              

EMPLOYEE_ID LAST_NAME                                                           
----------- -------------------------                                           
        169 Bloom                                                               
        185 Bull                                                                
        187 Cabrio                                                              
        148 Cambrault                                                           
        154 Cambrault                                                           
        110 Chen                                                                
        188 Chung                                                               
        119 Colmenares                                                          
        142 Davies                                                              
        186 Dellinger                                                           
        189 Dilly                                                               

EMPLOYEE_ID LAST_NAME                                                           
----------- -------------------------                                           
        160 Doran                                                               
        104 Ernst                                                               
        147 Errazuriz                                                           
        193 Everett                                                             
        109 Faviet                                                              
        202 Fay                                                                 
        197 Feeney                                                              
        181 Fleaur                                                              
        170 Fox                                                                 
        121 Fripp                                                               
        190 Gates                                                               

EMPLOYEE_ID LAST_NAME                                                           
----------- -------------------------                                           
        135 Gee                                                                 
        183 Geoni                                                               
        206 Gietz                                                               
        199 Grant                                                               
        178 Grant                                                               
        108 Greenberg                                                           
        163 Greene                                                              
        152 Hall                                                                
        205 Higgins                                                             
        118 Himuro                                                              
        103 Hunold                                                              

EMPLOYEE_ID LAST_NAME                                                           
----------- -------------------------                                           
        175 Hutton                                                              
        179 Johnson                                                             
        195 Jones                                                               
        115 Khoo                                                                
        156 King                                                                
        100 King                                                                
        173 Kumar                                                               
        137 Ladwig                                                              
        127 Landry                                                              
        165 Lee                                                                 
        177 Livingston                                                          

EMPLOYEE_ID LAST_NAME                                                           
----------- -------------------------                                           
        107 Lorentz                                                             
        133 Mallin                                                              
        128 Markle                                                              
        131 Marlow                                                              
        164 Marvins                                                             
        143 Matos                                                               
        203 Mavris                                                              
        194 McCain                                                              
        158 McEwen                                                              
        126 Mikkilineni                                                         
        124 Mourgos                                                             

EMPLOYEE_ID LAST_NAME                                                           
----------- -------------------------                                           
        125 Nayer                                                               
        198 OConnell                                                            
        153 Olsen                                                               
        132 Olson                                                               
        168 Ozer                                                                
        146 Partners                                                            
        106 Pataballa                                                           
        140 Patel                                                               
        191 Perkins                                                             
        136 Philtanker                                                          
        113 Popp                                                                

EMPLOYEE_ID LAST_NAME                                                           
----------- -------------------------                                           
        141 Rajs                                                                
        134 Rogers                                                              
        145 Russell                                                             
        184 Sarchand                                                            
        111 Sciarra                                                             
        139 Seo                                                                 
        161 Sewall                                                              
        159 Smith                                                               
        171 Smith                                                               
        138 Stiles                                                              
        182 Sullivan                                                            

EMPLOYEE_ID LAST_NAME                                                           
----------- -------------------------                                           
        157 Sully                                                               
        180 Taylor                                                              
        117 Tobias                                                              
        150 Tucker                                                              
        155 Tuvault                                                             
        112 Urman                                                               
        144 Vargas                                                              
        162 Vishney                                                             
        123 Vollman                                                             
        196 Walsh                                                               
        120 Weiss                                                               

EMPLOYEE_ID LAST_NAME                                                           
----------- -------------------------                                           
        149 Zlotkey                                                             

100 rows selected.

SQL> SELECT LAST_NAME,DEPARTMENT_ID,1 "DUMMY"FROM EMPLOYEES WHERE DEPARTMENT_ID=60
  2  UNION
  3  SELECT LAST_NAME,DEPARTMENT_ID,2 FROM EMPLOYEES WHERE DEPARTMENT_ID=20
  4  UNION
  5  SELECT LAST_NAME,DEPARTMENT_ID,3 "DUMMY"FROM EMPLOYEES WHERE DEPARTMENT_ID=40
  6  ORDER BY 3
  7  ;

LAST_NAME                 DEPARTMENT_ID      DUMMY                              
------------------------- ------------- ----------                              
Austin                               60          1                              
Ernst                                60          1                              
Hunold                               60          1                              
Lorentz                              60          1                              
Pataballa                            60          1                              
Fay                                  20          2                              
Hartstein                            20          2                              
Mavris                               40          3                              

8 rows selected.

SQL> SELECT LAST_NAME,DEPARTMENT_ID,1 "DUMMY"FROM EMPLOYEES WHERE DEPARTMENT_ID=60
  2  UNION
  3  SELECT LAST_NAME,DEPARTMENT_ID,2 FROM EMPLOYEES WHERE DEPARTMENT_ID=20
  4  UNION
  5  SELECT LAST_NAME,DEPARTMENT_ID,3 "DUMMY"FROM EMPLOYEES WHERE DEPARTMENT_ID=40
  6  ORDER BY DUMMY ASC;
ORDER BY DUMMY ASC
         *
ERROR at line 6:
ORA-00904: "DUMMY": invalid identifier 


SQL> SELECT LAST_NAME,CITY,1 "DUMMY" FROM EMPLOYEES WHERE CITY=Oxford
  2  union
  3  SELECT LAST_NAME,CITY,2  FROM EMPLOYEES WHERE CITY=Toronto
  4  union
  5  SELECT LAST_NAME,CITY,3 FROM EMPLOYEES WHERE CITY=London
  6  order by 3;
SELECT LAST_NAME,CITY,1 "DUMMY" FROM EMPLOYEES WHERE CITY=Oxford
                                                          *
ERROR at line 1:
ORA-00904: "OXFORD": invalid identifier 


SQL> SELECT LAST_NAME,CITY,1 "DUMMY" FROM EMPLOYEES WHERE CITY=Oxford
  2  union
  3  SELECT LAST_NAME,CITY,2  FROM EMPLOYEES WHERE CITY=Toronto
  4  union
  5  SELECT LAST_NAME,CITY,3 FROM EMPLOYEES WHERE CITY=London
  6  order by 3;
SELECT LAST_NAME,CITY,1 "DUMMY" FROM EMPLOYEES WHERE CITY=Oxford
                                                          *
ERROR at line 1:
ORA-00904: "OXFORD": invalid identifier 


SQL> desc employees
 Name                                      Null?    Type
 ----------------------------------------- -------- ----------------------------
 EMPLOYEE_ID                               NOT NULL NUMBER(6)
 FIRST_NAME                                         VARCHAR2(20)
 LAST_NAME                                 NOT NULL VARCHAR2(25)
 EMAIL                                     NOT NULL VARCHAR2(25)
 PHONE_NUMBER                                       VARCHAR2(20)
 HIRE_DATE                                 NOT NULL DATE
 JOB_ID                                    NOT NULL VARCHAR2(10)
 SALARY                                             NUMBER(8,2)
 COMMISSION_PCT                                     NUMBER(2,2)
 MANAGER_ID                                         NUMBER(6)
 DEPARTMENT_ID                                      NUMBER(4)

SQL> SELECT LAST_NAME,CITY,1 "DUMMY" FROM locations WHERE CITY=Oxford
  2  union
  3  SELECT LAST_NAME,CITY,2  FROM locations WHERE CITY=Toronto
  4  union
  5  SELECT LAST_NAME,CITY,3 FROM locations WHERE CITY=London
  6  order by 3;
SELECT LAST_NAME,CITY,1 "DUMMY" FROM locations WHERE CITY=Oxford
                                                          *
ERROR at line 1:
ORA-00904: "OXFORD": invalid identifier 


SQL> desc locations
 Name                                      Null?    Type
 ----------------------------------------- -------- ----------------------------
 LOCATION_ID                               NOT NULL NUMBER(4)
 STREET_ADDRESS                                     VARCHAR2(40)
 POSTAL_CODE                                        VARCHAR2(12)
 CITY                                      NOT NULL VARCHAR2(30)
 STATE_PROVINCE                                     VARCHAR2(25)
 COUNTRY_ID                                         CHAR(2)

SQL> select city from locations;

CITY                                                                            
------------------------------                                                  
Beijing                                                                         
Bern                                                                            
Bombay                                                                          
Geneva                                                                          
Hiroshima                                                                       
London                                                                          
Mexico City                                                                     
Munich                                                                          
Oxford                                                                          
Roma                                                                            
Sao Paulo                                                                       

CITY                                                                            
------------------------------                                                  
Seattle                                                                         
Singapore                                                                       
South Brunswick                                                                 
South San Francisco                                                             
Southlake                                                                       
Stretford                                                                       
Sydney                                                                          
Tokyo                                                                           
Toronto                                                                         
Utrecht                                                                         
Venice                                                                          

CITY                                                                            
------------------------------                                                  
Whitehorse                                                                      

23 rows selected.

SQL> SELECT LAST_NAME,CITY,1 "DUMMY" FROM locations WHERE CITY=Oxford
  2  union
  3  SELECT LAST_NAME,CITY,2  FROM locations WHERE CITY=Toronto
  4  union
  5  SELECT LAST_NAME,CITY,3 FROM locations WHERE CITY=London
  6  order by 3;
SELECT LAST_NAME,CITY,1 "DUMMY" FROM locations WHERE CITY=Oxford
                                                          *
ERROR at line 1:
ORA-00904: "OXFORD": invalid identifier 


SQL> desc departments
 Name                                      Null?    Type
 ----------------------------------------- -------- ----------------------------
 DEPARTMENT_ID                             NOT NULL NUMBER(4)
 DEPARTMENT_NAME                           NOT NULL VARCHAR2(30)
 MANAGER_ID                                         NUMBER(6)
 LOCATION_ID                                        NUMBER(4)

SQL> desc departments
 Name                                      Null?    Type
 ----------------------------------------- -------- ----------------------------
 DEPARTMENT_ID                             NOT NULL NUMBER(4)
 DEPARTMENT_NAME                           NOT NULL VARCHAR2(30)
 MANAGER_ID                                         NUMBER(6)
 LOCATION_ID                                        NUMBER(4)

SQL> desc employees
 Name                                      Null?    Type
 ----------------------------------------- -------- ----------------------------
 EMPLOYEE_ID                               NOT NULL NUMBER(6)
 FIRST_NAME                                         VARCHAR2(20)
 LAST_NAME                                 NOT NULL VARCHAR2(25)
 EMAIL                                     NOT NULL VARCHAR2(25)
 PHONE_NUMBER                                       VARCHAR2(20)
 HIRE_DATE                                 NOT NULL DATE
 JOB_ID                                    NOT NULL VARCHAR2(10)
 SALARY                                             NUMBER(8,2)
 COMMISSION_PCT                                     NUMBER(2,2)
 MANAGER_ID                                         NUMBER(6)
 DEPARTMENT_ID                                      NUMBER(4)

SQL> desc locations
 Name                                      Null?    Type
 ----------------------------------------- -------- ----------------------------
 LOCATION_ID                               NOT NULL NUMBER(4)
 STREET_ADDRESS                                     VARCHAR2(40)
 POSTAL_CODE                                        VARCHAR2(12)
 CITY                                      NOT NULL VARCHAR2(30)
 STATE_PROVINCE                                     VARCHAR2(25)
 COUNTRY_ID                                         CHAR(2)

SQL> select e.last_name,l.city from employees e,locations l where city=Oxford
  2  union
  3  select e.last_name,l.city from employees e,locations l where city=London
  4  union
  5  select e.last_name,l.city from employees e,locations l where city=Toronto
  6  order by 3;
select e.last_name,l.city from employees e,locations l where city=Oxford
                                                                  *
ERROR at line 1:
ORA-00904: "OXFORD": invalid identifier 


SQL> select e.last_name,l.city from employees e,locations l where l.city=Oxford
  2  union
  3  select e.last_name,l.city from employees e,locations l where l.city=Toronto
  4  union
  5  select e.last_name,l.city from employees e,locations l where l.city=London
  6  order by 3;
select e.last_name,l.city from employees e,locations l where l.city=Oxford
                                                                    *
ERROR at line 1:
ORA-00904: "OXFORD": invalid identifier 


SQL> select e.last_name,l.city,d.department_id from employees e,departments d where e.department_id=d.department_id AND d.location_id=l.location_id where l.city=Oxford
  2  union
  3  select e.last_name,l.city,d.department_id from employees e,departments d where e.department_id=d.department_id AND d.location_id=l.location_id where l.city='Toronto'
  4  ;
select e.last_name,l.city,d.department_id from employees e,departments d where e.department_id=d.department_id AND d.location_id=l.location_id where l.city=Oxford
                                                                                                                                               *
ERROR at line 1:
ORA-00933: SQL command not properly ended 


SQL> select last_name,hire_date from employees where last_name IN
  2  ;

*
ERROR at line 2:
ORA-00936: missing expression 


SQL> select last_name,hire_date,department_id from employees where last_name IN(select department_id where last_name='smith');
select last_name,hire_date,department_id from employees where last_name IN(select department_id where last_name='smith')
                                                                                                *
ERROR at line 1:
ORA-00923: FROM keyword not found where expected 


SQL> select last_name,hire_date,department_id from employees where last_name IN(select department_id from employees where last_name='smith');
select last_name,hire_date,department_id from employees where last_name IN(select department_id from employees where last_name='smith')
                                                              *
ERROR at line 1:
ORA-01722: invalid number 


SQL> select last_name,hire_date,department_id from employees where department_id IN(select department_id from employees where last_name='smith');

no rows selected

SQL> select last_name,hire_date,department_id from employees where department_id any(select department_id from employees where last_name='smith');
select last_name,hire_date,department_id from employees where department_id any(select department_id from employees where last_name='smith')
                                                                            *
ERROR at line 1:
ORA-00920: invalid relational operator 


SQL> select last_name,hire_date,department_id from employees where department_id ANY(select department_id from employees where last_name='smith');
select last_name,hire_date,department_id from employees where department_id ANY(select department_id from employees where last_name='smith')
                                                                            *
ERROR at line 1:
ORA-00920: invalid relational operator 


SQL> select last_name,hire_date,department_id from employees where department_id ALL(select department_id from employees where last_name='smith');
select last_name,hire_date,department_id from employees where department_id ALL(select department_id from employees where last_name='smith')
                                                                            *
ERROR at line 1:
ORA-00920: invalid relational operator 


SQL> select last_name,hire_date,department_id from employees where department_id IN(select department_id from employees where last_name='smith');

no rows selected

SQL> select last_name,hire_date,department_id from employees where department_id =(select department_id from employees where last_name='smith');

no rows selected

SQL> SELECT EMPLOYEE_ID,LAST_NAME FROM EMPLOYEES WHERE EMPLOYEE_ID IN(SELECT EMPLOYEE_ID FROM EMPLOYEES WHERE SALARY>AVG(SALARY));
SELECT EMPLOYEE_ID,LAST_NAME FROM EMPLOYEES WHERE EMPLOYEE_ID IN(SELECT EMPLOYEE_ID FROM EMPLOYEES WHERE SALARY>AVG(SALARY))
                                                                                                                *
ERROR at line 1:
ORA-00934: group function is not allowed here 


SQL> SELECT EMPLOYEE_ID,LAST_NAME FROM EMPLOYEES WHERE EMPLOYEE_ID IN(SELECT EMPLOYEE_ID FROM EMPLOYEES WHERE (SALARY)>AVG(SALARY));
SELECT EMPLOYEE_ID,LAST_NAME FROM EMPLOYEES WHERE EMPLOYEE_ID IN(SELECT EMPLOYEE_ID FROM EMPLOYEES WHERE (SALARY)>AVG(SALARY))
                                                                                                                  *
ERROR at line 1:
ORA-00920: invalid relational operator 


SQL> SELECT EMPLOYEE_ID,LAST_NAME FROM EMPLOYEES WHERE SALARY >(SELECT EMPLOYEE_ID FROM EMPLOYEES WHERE (SALARY)>AVG(SALARY));
SELECT EMPLOYEE_ID,LAST_NAME FROM EMPLOYEES WHERE SALARY >(SELECT EMPLOYEE_ID FROM EMPLOYEES WHERE (SALARY)>AVG(SALARY))
                                                                                                            *
ERROR at line 1:
ORA-00920: invalid relational operator 


SQL> SELECT EMPLOYEE_ID,LAST_NAME FROM EMPLOYEES WHERE SALARY >(SELECT AVG(SALARY)FROM EMPLOYEES);

EMPLOYEE_ID LAST_NAME                                                           
----------- -------------------------                                           
        100 King                                                                
        101 Kochhar                                                             
        102 De Haan                                                             
        103 Hunold                                                              
        108 Greenberg                                                           
        109 Faviet                                                              
        110 Chen                                                                
        111 Sciarra                                                             
        112 Urman                                                               
        113 Popp                                                                
        114 Raphaely                                                            

EMPLOYEE_ID LAST_NAME                                                           
----------- -------------------------                                           
        120 Weiss                                                               
        121 Fripp                                                               
        122 Kaufling                                                            
        123 Vollman                                                             
        145 Russell                                                             
        146 Partners                                                            
        147 Errazuriz                                                           
        148 Cambrault                                                           
        149 Zlotkey                                                             
        150 Tucker                                                              
        151 Bernstein                                                           

EMPLOYEE_ID LAST_NAME                                                           
----------- -------------------------                                           
        152 Hall                                                                
        153 Olsen                                                               
        154 Cambrault                                                           
        155 Tuvault                                                             
        156 King                                                                
        157 Sully                                                               
        158 McEwen                                                              
        159 Smith                                                               
        160 Doran                                                               
        161 Sewall                                                              
        162 Vishney                                                             

EMPLOYEE_ID LAST_NAME                                                           
----------- -------------------------                                           
        163 Greene                                                              
        164 Marvins                                                             
        165 Lee                                                                 
        168 Ozer                                                                
        169 Bloom                                                               
        170 Fox                                                                 
        171 Smith                                                               
        172 Bates                                                               
        174 Abel                                                                
        175 Hutton                                                              
        176 Taylor                                                              

EMPLOYEE_ID LAST_NAME                                                           
----------- -------------------------                                           
        177 Livingston                                                          
        178 Grant                                                               
        201 Hartstein                                                           
        203 Mavris                                                              
        204 Baer                                                                
        205 Higgins                                                             
        206 Gietz                                                               

51 rows selected.

SQL> select last_name,hire_date,department_id from employees where department_id IN(select department_id from employees where last_name='smith');

no rows selected

SQL> select last_name,hire_date,department_id from employees where department_id IN(select department_id from employees where last_name='smith' );

no rows selected

SQL> select last_name,hire_date,department_id from employees where department_id IN(select department_id from employees where last_name='smith' ) and last_name<>smith;
select last_name,hire_date,department_id from employees where department_id IN(select department_id from employees where last_name='smith' ) and last_name<>smith
                                                                                                                                                            *
ERROR at line 1:
ORA-00904: "SMITH": invalid identifier 


SQL> select last_name,hire_date,department_id from employees where department_id IN(select department_id from employees where last_name='SMITH' ) and last_name<>SMITH;
select last_name,hire_date,department_id from employees where department_id IN(select department_id from employees where last_name='SMITH' ) and last_name<>SMITH
                                                                                                                                                            *
ERROR at line 1:
ORA-00904: "SMITH": invalid identifier 


SQL> select last_name,hire_date,department_id from employees where department_id IN(select department_id from employees where last_name='SMITH' ) and last_name<>'SMITH';

no rows selected

SQL> select last_name,hire_date,department_id from employees where department_id IN(select department_id from employees where last_name='SMITH');

no rows selected

SQL> SELECT EMPLOYEE_ID,LAST_NAME FROM EMPLOYEES WHERE SALARY >(SELECT AVG(SALARY)FROM EMPLOYEES) ORDER BY SALARY ASC;

EMPLOYEE_ID LAST_NAME                                                           
----------- -------------------------                                           
        203 Mavris                                                              
        123 Vollman                                                             
        165 Lee                                                                 
        113 Popp                                                                
        155 Tuvault                                                             
        161 Sewall                                                              
        178 Grant                                                               
        164 Marvins                                                             
        172 Bates                                                               
        171 Smith                                                               
        154 Cambrault                                                           

EMPLOYEE_ID LAST_NAME                                                           
----------- -------------------------                                           
        160 Doran                                                               
        111 Sciarra                                                             
        112 Urman                                                               
        122 Kaufling                                                            
        120 Weiss                                                               
        159 Smith                                                               
        153 Olsen                                                               
        121 Fripp                                                               
        110 Chen                                                                
        206 Gietz                                                               
        177 Livingston                                                          

EMPLOYEE_ID LAST_NAME                                                           
----------- -------------------------                                           
        176 Taylor                                                              
        175 Hutton                                                              
        158 McEwen                                                              
        152 Hall                                                                
        109 Faviet                                                              
        103 Hunold                                                              
        157 Sully                                                               
        151 Bernstein                                                           
        163 Greene                                                              
        170 Fox                                                                 
        156 King                                                                

EMPLOYEE_ID LAST_NAME                                                           
----------- -------------------------                                           
        150 Tucker                                                              
        204 Baer                                                                
        169 Bloom                                                               
        149 Zlotkey                                                             
        162 Vishney                                                             
        174 Abel                                                                
        148 Cambrault                                                           
        114 Raphaely                                                            
        168 Ozer                                                                
        147 Errazuriz                                                           
        108 Greenberg                                                           

EMPLOYEE_ID LAST_NAME                                                           
----------- -------------------------                                           
        205 Higgins                                                             
        201 Hartstein                                                           
        146 Partners                                                            
        145 Russell                                                             
        102 De Haan                                                             
        101 Kochhar                                                             
        100 King                                                                

51 rows selected.

SQL> SELECT EMPLOYEE_ID,LAST_NAME FROM EMPLOYEE WHERE EMPLOYEE_ID ANY(SELECT LAST_NAME FROM EMPLOYEE WHERE LAST_NAME='%u');
SELECT EMPLOYEE_ID,LAST_NAME FROM EMPLOYEE WHERE EMPLOYEE_ID ANY(SELECT LAST_NAME FROM EMPLOYEE WHERE LAST_NAME='%u')
                                                             *
ERROR at line 1:
ORA-00920: invalid relational operator 


SQL> SELECT EMPLOYEE_ID,LAST_NAME FROM EMPLOYEE WHERE EMPLOYEE_ID ANY (SELECT LAST_NAME FROM EMPLOYEE WHERE LAST_NAME='%u');
SELECT EMPLOYEE_ID,LAST_NAME FROM EMPLOYEE WHERE EMPLOYEE_ID ANY (SELECT LAST_NAME FROM EMPLOYEE WHERE LAST_NAME='%u')
                                                             *
ERROR at line 1:
ORA-00920: invalid relational operator 


SQL> SELECT EMPLOYEE_ID,LAST_NAME FROM EMPLOYEE WHERE EMPLOYEE ANY (SELECT LAST_NAME FROM EMPLOYEE WHERE LAST_NAME='%u');
SELECT EMPLOYEE_ID,LAST_NAME FROM EMPLOYEE WHERE EMPLOYEE ANY (SELECT LAST_NAME FROM EMPLOYEE WHERE LAST_NAME='%u')
                                                          *
ERROR at line 1:
ORA-00920: invalid relational operator 


SQL> select department_id from employees where department_id='ST_CLERK';
select department_id from employees where department_id='ST_CLERK'
                                                        *
ERROR at line 1:
ORA-01722: invalid number 


SQL> select department_id from employees where JOB_id='ST_CLERK';

DEPARTMENT_ID                                                                   
-------------                                                                   
           50                                                                   
           50                                                                   
           50                                                                   
           50                                                                   
           50                                                                   
           50                                                                   
           50                                                                   
           50                                                                   
           50                                                                   
           50                                                                   
           50                                                                   

DEPARTMENT_ID                                                                   
-------------                                                                   
           50                                                                   
           50                                                                   
           50                                                                   
           50                                                                   
           50                                                                   
           50                                                                   
           50                                                                   
           50                                                                   
           50                                                                   

20 rows selected.

SQL> select department_id from employees where JOB_id<>'ST_CLERK';

DEPARTMENT_ID                                                                   
-------------                                                                   
           90                                                                   
           90                                                                   
           90                                                                   
           60                                                                   
           60                                                                   
           60                                                                   
           60                                                                   
           60                                                                   
          100                                                                   
          100                                                                   
          100                                                                   

DEPARTMENT_ID                                                                   
-------------                                                                   
          100                                                                   
          100                                                                   
          100                                                                   
           30                                                                   
           30                                                                   
           30                                                                   
           30                                                                   
           30                                                                   
           30                                                                   
           50                                                                   
           50                                                                   

DEPARTMENT_ID                                                                   
-------------                                                                   
           50                                                                   
           50                                                                   
           50                                                                   
           80                                                                   
           80                                                                   
           80                                                                   
           80                                                                   
           80                                                                   
           80                                                                   
           80                                                                   
           80                                                                   

DEPARTMENT_ID                                                                   
-------------                                                                   
           80                                                                   
           80                                                                   
           80                                                                   
           80                                                                   
           80                                                                   
           80                                                                   
           80                                                                   
           80                                                                   
           80                                                                   
           80                                                                   
           80                                                                   

DEPARTMENT_ID                                                                   
-------------                                                                   
           80                                                                   
           80                                                                   
           80                                                                   
           80                                                                   
           80                                                                   
           80                                                                   
           80                                                                   
           80                                                                   
           80                                                                   
           80                                                                   
           80                                                                   

DEPARTMENT_ID                                                                   
-------------                                                                   
           80                                                                   
           80                                                                   
           80                                                                   
                                                                                
           80                                                                   
           50                                                                   
           50                                                                   
           50                                                                   
           50                                                                   
           50                                                                   
           50                                                                   

DEPARTMENT_ID                                                                   
-------------                                                                   
           50                                                                   
           50                                                                   
           50                                                                   
           50                                                                   
           50                                                                   
           50                                                                   
           50                                                                   
           50                                                                   
           50                                                                   
           50                                                                   
           50                                                                   

DEPARTMENT_ID                                                                   
-------------                                                                   
           50                                                                   
           50                                                                   
           50                                                                   
           10                                                                   
           20                                                                   
           20                                                                   
           40                                                                   
           70                                                                   
          110                                                                   
          110                                                                   

87 rows selected.

SQL> select department_id from employees where DEPARTMENT_ID IN(SELECT JOB_ID FROM EMPLOYEES MINUS SELECT JOB_ID='ST_CLERK' FROM EMPLOYEES);
select department_id from employees where DEPARTMENT_ID IN(SELECT JOB_ID FROM EMPLOYEES MINUS SELECT JOB_ID='ST_CLERK' FROM EMPLOYEES)
                                                                                                           *
ERROR at line 1:
ORA-00923: FROM keyword not found where expected 


SQL> select department_id from employees where DEPARTMENT_ID IN(SELECT JOB_ID FROM EMPLOYEES MINUS SELECT JOB_ID FROM EMPLOYEES WHERE JOB_ID='ST_CLERK');
select department_id from employees where DEPARTMENT_ID IN(SELECT JOB_ID FROM EMPLOYEES MINUS SELECT JOB_ID FROM EMPLOYEES WHERE JOB_ID='ST_CLERK')
                                                                  *
ERROR at line 1:
ORA-01722: invalid number 


SQL> select department_id from employees where DEPARTMENT_ID IN(SELECT JOB_ID FROM EMPLOYEES WHERE JOB_ID='ST_CLERK' MINUS SELECT JOB_ID FROM EMPLOYEES);

no rows selected

SQL> 
SQL> DESC LOCATIONS
 Name                                      Null?    Type
 ----------------------------------------- -------- ----------------------------
 LOCATION_ID                               NOT NULL NUMBER(4)
 STREET_ADDRESS                                     VARCHAR2(40)
 POSTAL_CODE                                        VARCHAR2(12)
 CITY                                      NOT NULL VARCHAR2(30)
 STATE_PROVINCE                                     VARCHAR2(25)
 COUNTRY_ID                                         CHAR(2)

SQL> SELECT C.COUNTRY_NAME,C.COUNTRY_ID,D.DEPARTMENT_ID FROM C.COUNTRIES,D.LOCATIONS WHERE D.DEPARTMENT_ID IN(SELECT C.COUNTRY FROM COUNTRIES MINUS SELECT C.COUNTRY FROM COUNTRIES WHERE D.DEPARTMENT_IS IS NULL);
SELECT C.COUNTRY_NAME,C.COUNTRY_ID,D.DEPARTMENT_ID FROM C.COUNTRIES,D.LOCATIONS WHERE D.DEPARTMENT_ID IN(SELECT C.COUNTRY FROM COUNTRIES MINUS SELECT C.COUNTRY FROM COUNTRIES WHERE D.DEPARTMENT_IS IS NULL)
                                                                      *
ERROR at line 1:
ORA-00942: table or view does not exist 


SQL> SPOOL OFF
